
> workhub-app@0.0.0 dev
> vite


  VITE v7.3.0  ready in 167 ms

  ➜  Local:   http://localhost:5177/
  ➜  Network: use --host to expose
18:15:51 [vite] (client) hmr update /src/index.css, /src/components/sections/production-and-quality/LotManagement.tsx
22:31:53 [vite] (client) hmr update /src/index.css, /src/pages/CommandCenterPage.tsx, /src/pages/SellInDashboardPage.tsx, /src/pages/PipelinePage.tsx, /src/pages/CustomerListPage.tsx, /src/pages/OrderListPage.tsx, /src/components/sections/sell-in-operations/CreateOrderWizard/index.tsx, /src/components/sections/sell-in-operations/CreateOrderWizard/CustomerSearch.tsx, /src/components/sections/sell-in-operations/CreateOrderWizard/ProductSelector.tsx, /src/pages/ProductionDashboardPage.tsx, /src/pages/LotManagementPage.tsx, /src/pages/QualityDashboardPage.tsx, /src/pages/HACCPMonitorPage.tsx, /src/pages/DocumentLibraryPage.tsx
22:32:03 [vite] (client) hmr update /src/index.css, /src/pages/CommandCenterPage.tsx, /src/pages/SellInDashboardPage.tsx, /src/pages/PipelinePage.tsx, /src/pages/CustomerListPage.tsx, /src/pages/OrderListPage.tsx, /src/components/sections/sell-in-operations/CreateOrderWizard/index.tsx, /src/components/sections/sell-in-operations/CreateOrderWizard/CustomerSearch.tsx, /src/components/sections/sell-in-operations/CreateOrderWizard/ProductSelector.tsx, /src/pages/ProductionDashboardPage.tsx, /src/pages/LotManagementPage.tsx, /src/pages/QualityDashboardPage.tsx, /src/pages/HACCPMonitorPage.tsx, /src/pages/DocumentLibraryPage.tsx
22:37:50 [vite] (client) hmr update /src/App.tsx, /src/index.css
22:37:58 [vite] (client) hmr update /src/App.tsx, /src/index.css
22:39:53 [vite] (client) hmr update /src/App.tsx, /src/index.css
22:40:01 [vite] (client) hmr update /src/App.tsx, /src/index.css
22:41:19 [vite] (client) hmr update /src/index.css
22:41:39 [vite] (client) hmr update /src/index.css
0:33:14 [vite] http proxy error: /api/method/workhub_frappe_app.api.projects.get_projects
Error: socket hang up
    at Socket.socketOnEnd (node:_http_client:528:25)
    at Socket.emit (node:events:536:35)
    at endReadableNT (node:internal/streams/readable:1698:12)
    at process.processTicksAndRejections (node:internal/process/task_queues:82:21)
0:33:14 [vite] http proxy error: /api/method/workhub_frappe_app.api.projects.get_projects
Error: socket hang up
    at Socket.socketOnEnd (node:_http_client:528:25)
    at Socket.emit (node:events:536:35)
    at endReadableNT (node:internal/streams/readable:1698:12)
    at process.processTicksAndRejections (node:internal/process/task_queues:82:21)
0:33:14 [vite] http proxy error: /api/method/workhub_frappe_app.api.projects.get_projects
Error: socket hang up
    at Socket.socketOnEnd (node:_http_client:528:25)
    at Socket.emit (node:events:536:35)
    at endReadableNT (node:internal/streams/readable:1698:12)
    at process.processTicksAndRejections (node:internal/process/task_queues:82:21)
0:33:14 [vite] http proxy error: /api/method/workhub_frappe_app.api.projects.get_projects
Error: socket hang up
    at Socket.socketOnEnd (node:_http_client:528:25)
    at Socket.emit (node:events:536:35)
    at endReadableNT (node:internal/streams/readable:1698:12)
    at process.processTicksAndRejections (node:internal/process/task_queues:82:21)
0:33:14 [vite] http proxy error: /api/method/workhub_frappe_app.api.projects.get_projects
Error: socket hang up
    at Socket.socketOnEnd (node:_http_client:528:25)
    at Socket.emit (node:events:536:35)
    at endReadableNT (node:internal/streams/readable:1698:12)
    at process.processTicksAndRejections (node:internal/process/task_queues:82:21)
0:33:30 [vite] (client) hmr update /src/index.css, /src/pages/CommandCenterPage.tsx, /src/pages/SellInDashboardPage.tsx, /src/pages/PipelinePage.tsx, /src/pages/CustomerListPage.tsx, /src/pages/OrderListPage.tsx, /src/components/sections/sell-in-operations/CreateOrderWizard/index.tsx, /src/components/sections/sell-in-operations/CreateOrderWizard/CustomerSearch.tsx, /src/components/sections/sell-in-operations/CreateOrderWizard/ProductSelector.tsx, /src/pages/ProductionDashboardPage.tsx, /src/pages/LotManagementPage.tsx, /src/pages/QualityDashboardPage.tsx, /src/pages/HACCPMonitorPage.tsx, /src/pages/DocumentLibraryPage.tsx, /src/pages/tasks/MyDayPage.tsx, /src/pages/tasks/ProjectsPage.tsx, /src/pages/tasks/KanbanPage.tsx
0:33:43 [vite] (client) hmr update /src/index.css, /src/pages/CommandCenterPage.tsx, /src/pages/SellInDashboardPage.tsx, /src/pages/PipelinePage.tsx, /src/pages/CustomerListPage.tsx, /src/pages/OrderListPage.tsx, /src/components/sections/sell-in-operations/CreateOrderWizard/index.tsx, /src/components/sections/sell-in-operations/CreateOrderWizard/CustomerSearch.tsx, /src/components/sections/sell-in-operations/CreateOrderWizard/ProductSelector.tsx, /src/pages/ProductionDashboardPage.tsx, /src/pages/LotManagementPage.tsx, /src/pages/QualityDashboardPage.tsx, /src/pages/HACCPMonitorPage.tsx, /src/pages/DocumentLibraryPage.tsx, /src/pages/tasks/MyDayPage.tsx, /src/pages/tasks/ProjectsPage.tsx, /src/pages/tasks/KanbanPage.tsx
0:33:54 [vite] (client) hmr update /src/index.css, /src/pages/CommandCenterPage.tsx, /src/pages/SellInDashboardPage.tsx, /src/pages/PipelinePage.tsx, /src/pages/CustomerListPage.tsx, /src/pages/OrderListPage.tsx, /src/components/sections/sell-in-operations/CreateOrderWizard/index.tsx, /src/components/sections/sell-in-operations/CreateOrderWizard/CustomerSearch.tsx, /src/components/sections/sell-in-operations/CreateOrderWizard/ProductSelector.tsx, /src/pages/ProductionDashboardPage.tsx, /src/pages/LotManagementPage.tsx, /src/pages/QualityDashboardPage.tsx, /src/pages/HACCPMonitorPage.tsx, /src/pages/DocumentLibraryPage.tsx, /src/pages/tasks/MyDayPage.tsx, /src/pages/tasks/ProjectsPage.tsx, /src/pages/tasks/KanbanPage.tsx
0:39:26 [vite] (client) hmr update /src/index.css, /src/pages/CommandCenterPage.tsx, /src/pages/SellInDashboardPage.tsx, /src/pages/PipelinePage.tsx, /src/pages/CustomerListPage.tsx, /src/pages/OrderListPage.tsx, /src/components/sections/sell-in-operations/CreateOrderWizard/index.tsx, /src/components/sections/sell-in-operations/CreateOrderWizard/CustomerSearch.tsx, /src/components/sections/sell-in-operations/CreateOrderWizard/ProductSelector.tsx, /src/pages/ProductionDashboardPage.tsx, /src/pages/LotManagementPage.tsx, /src/pages/QualityDashboardPage.tsx, /src/pages/HACCPMonitorPage.tsx, /src/pages/DocumentLibraryPage.tsx, /src/pages/tasks/MyDayPage.tsx, /src/pages/tasks/ProjectsPage.tsx, /src/pages/tasks/KanbanPage.tsx
0:39:39 [vite] (client) hmr update /src/index.css, /src/pages/CommandCenterPage.tsx, /src/pages/SellInDashboardPage.tsx, /src/pages/PipelinePage.tsx, /src/pages/CustomerListPage.tsx, /src/pages/OrderListPage.tsx, /src/components/sections/sell-in-operations/CreateOrderWizard/index.tsx, /src/components/sections/sell-in-operations/CreateOrderWizard/CustomerSearch.tsx, /src/components/sections/sell-in-operations/CreateOrderWizard/ProductSelector.tsx, /src/pages/ProductionDashboardPage.tsx, /src/pages/LotManagementPage.tsx, /src/pages/QualityDashboardPage.tsx, /src/pages/HACCPMonitorPage.tsx, /src/pages/DocumentLibraryPage.tsx, /src/pages/tasks/MyDayPage.tsx, /src/pages/tasks/ProjectsPage.tsx, /src/pages/tasks/KanbanPage.tsx
0:39:52 [vite] (client) hmr update /src/index.css, /src/pages/CommandCenterPage.tsx, /src/pages/SellInDashboardPage.tsx, /src/pages/PipelinePage.tsx, /src/pages/CustomerListPage.tsx, /src/pages/OrderListPage.tsx, /src/components/sections/sell-in-operations/CreateOrderWizard/index.tsx, /src/components/sections/sell-in-operations/CreateOrderWizard/CustomerSearch.tsx, /src/components/sections/sell-in-operations/CreateOrderWizard/ProductSelector.tsx, /src/pages/ProductionDashboardPage.tsx, /src/pages/LotManagementPage.tsx, /src/pages/QualityDashboardPage.tsx, /src/pages/HACCPMonitorPage.tsx, /src/pages/DocumentLibraryPage.tsx, /src/pages/tasks/MyDayPage.tsx, /src/pages/tasks/ProjectsPage.tsx, /src/pages/tasks/KanbanPage.tsx
0:40:05 [vite] (client) hmr update /src/index.css, /src/pages/CommandCenterPage.tsx, /src/pages/SellInDashboardPage.tsx, /src/pages/PipelinePage.tsx, /src/pages/CustomerListPage.tsx, /src/pages/OrderListPage.tsx, /src/components/sections/sell-in-operations/CreateOrderWizard/index.tsx, /src/components/sections/sell-in-operations/CreateOrderWizard/CustomerSearch.tsx, /src/components/sections/sell-in-operations/CreateOrderWizard/ProductSelector.tsx, /src/pages/ProductionDashboardPage.tsx, /src/pages/LotManagementPage.tsx, /src/pages/QualityDashboardPage.tsx, /src/pages/HACCPMonitorPage.tsx, /src/pages/DocumentLibraryPage.tsx, /src/pages/tasks/MyDayPage.tsx, /src/pages/tasks/ProjectsPage.tsx, /src/pages/tasks/KanbanPage.tsx
0:40:18 [vite] (client) hmr update /src/index.css, /src/pages/CommandCenterPage.tsx, /src/pages/SellInDashboardPage.tsx, /src/pages/PipelinePage.tsx, /src/pages/CustomerListPage.tsx, /src/pages/OrderListPage.tsx, /src/components/sections/sell-in-operations/CreateOrderWizard/index.tsx, /src/components/sections/sell-in-operations/CreateOrderWizard/CustomerSearch.tsx, /src/components/sections/sell-in-operations/CreateOrderWizard/ProductSelector.tsx, /src/pages/ProductionDashboardPage.tsx, /src/pages/LotManagementPage.tsx, /src/pages/QualityDashboardPage.tsx, /src/pages/HACCPMonitorPage.tsx, /src/pages/DocumentLibraryPage.tsx, /src/pages/tasks/MyDayPage.tsx, /src/pages/tasks/ProjectsPage.tsx, /src/pages/tasks/KanbanPage.tsx
0:40:29 [vite] (client) hmr update /src/index.css, /src/pages/CommandCenterPage.tsx, /src/pages/SellInDashboardPage.tsx, /src/pages/PipelinePage.tsx, /src/pages/CustomerListPage.tsx, /src/pages/OrderListPage.tsx, /src/components/sections/sell-in-operations/CreateOrderWizard/index.tsx, /src/components/sections/sell-in-operations/CreateOrderWizard/CustomerSearch.tsx, /src/components/sections/sell-in-operations/CreateOrderWizard/ProductSelector.tsx, /src/pages/ProductionDashboardPage.tsx, /src/pages/LotManagementPage.tsx, /src/pages/QualityDashboardPage.tsx, /src/pages/HACCPMonitorPage.tsx, /src/pages/DocumentLibraryPage.tsx, /src/pages/tasks/MyDayPage.tsx, /src/pages/tasks/ProjectsPage.tsx, /src/pages/tasks/KanbanPage.tsx
0:40:40 [vite] (client) hmr update /src/index.css, /src/pages/CommandCenterPage.tsx, /src/pages/SellInDashboardPage.tsx, /src/pages/PipelinePage.tsx, /src/pages/CustomerListPage.tsx, /src/pages/OrderListPage.tsx, /src/components/sections/sell-in-operations/CreateOrderWizard/index.tsx, /src/components/sections/sell-in-operations/CreateOrderWizard/CustomerSearch.tsx, /src/components/sections/sell-in-operations/CreateOrderWizard/ProductSelector.tsx, /src/pages/ProductionDashboardPage.tsx, /src/pages/LotManagementPage.tsx, /src/pages/QualityDashboardPage.tsx, /src/pages/HACCPMonitorPage.tsx, /src/pages/DocumentLibraryPage.tsx, /src/pages/tasks/MyDayPage.tsx, /src/pages/tasks/ProjectsPage.tsx, /src/pages/tasks/KanbanPage.tsx
1:16:16 [vite] (client) hmr update /src/index.css, /src/pages/CommandCenterPage.tsx, /src/pages/SellInDashboardPage.tsx, /src/pages/PipelinePage.tsx, /src/pages/CustomerListPage.tsx, /src/pages/OrderListPage.tsx, /src/components/sections/sell-in-operations/CreateOrderWizard/index.tsx, /src/components/sections/sell-in-operations/CreateOrderWizard/CustomerSearch.tsx, /src/components/sections/sell-in-operations/CreateOrderWizard/ProductSelector.tsx, /src/pages/ProductionDashboardPage.tsx, /src/pages/LotManagementPage.tsx, /src/pages/QualityDashboardPage.tsx, /src/pages/HACCPMonitorPage.tsx, /src/pages/DocumentLibraryPage.tsx, /src/pages/tasks/MyDayPage.tsx, /src/pages/tasks/ProjectsPage.tsx, /src/pages/tasks/KanbanPage.tsx
2:14:17 [vite] (client) hmr update /src/index.css, /src/auth/AuthContext.tsx
2:14:18 [vite] (client) hmr invalidate /src/auth/AuthContext.tsx Could not Fast Refresh ("default" export is incompatible). Learn more at https://github.com/vitejs/vite-plugin-react/tree/main/packages/plugin-react#consistent-components-exports
2:14:18 [vite] (client) hmr update /src/App.tsx, /src/auth/LoginPage.tsx, /src/auth/ProtectedRoute.tsx, /src/auth/RoleGuard.tsx
2:14:18 [vite] (client) hmr invalidate /src/auth/RoleGuard.tsx Could not Fast Refresh ("useHasRole" export is incompatible). Learn more at https://github.com/vitejs/vite-plugin-react/tree/main/packages/plugin-react#consistent-components-exports
2:14:18 [vite] (client) hmr update /src/App.tsx
2:14:38 [vite] (client) hmr update /src/index.css, /src/auth/AuthContext.tsx
2:14:38 [vite] (client) hmr invalidate /src/auth/AuthContext.tsx Could not Fast Refresh ("default" export is incompatible). Learn more at https://github.com/vitejs/vite-plugin-react/tree/main/packages/plugin-react#consistent-components-exports
2:14:38 [vite] (client) hmr update /src/App.tsx, /src/auth/LoginPage.tsx, /src/auth/ProtectedRoute.tsx, /src/auth/RoleGuard.tsx
2:14:38 [vite] (client) hmr invalidate /src/auth/RoleGuard.tsx Could not Fast Refresh ("useHasRole" export is incompatible). Learn more at https://github.com/vitejs/vite-plugin-react/tree/main/packages/plugin-react#consistent-components-exports
2:14:38 [vite] (client) hmr update /src/App.tsx
7:26:40 [vite] (client) hmr update /src/index.css, /src/pages/CommandCenterPage.tsx, /src/pages/SellInDashboardPage.tsx, /src/pages/PipelinePage.tsx, /src/pages/CustomerListPage.tsx, /src/pages/OrderListPage.tsx, /src/components/sections/sell-in-operations/CreateOrderWizard/index.tsx, /src/components/sections/sell-in-operations/CreateOrderWizard/CustomerSearch.tsx, /src/components/sections/sell-in-operations/CreateOrderWizard/ProductSelector.tsx, /src/pages/ProductionDashboardPage.tsx, /src/pages/LotManagementPage.tsx, /src/pages/QualityDashboardPage.tsx, /src/pages/HACCPMonitorPage.tsx, /src/pages/DocumentLibraryPage.tsx, /src/pages/tasks/MyDayPage.tsx, /src/pages/tasks/ProjectsPage.tsx, /src/pages/tasks/KanbanPage.tsx
7:33:40 [vite] (client) page reload playwright-report/index.html
8:11:08 [vite] (client) hmr update /src/index.css
8:11:50 [vite] (client) hmr update /src/pages/CommandCenterPage.tsx, /src/pages/SellInDashboardPage.tsx, /src/pages/PipelinePage.tsx, /src/pages/CustomerListPage.tsx, /src/pages/OrderListPage.tsx, /src/components/sections/sell-in-operations/CreateOrderWizard/index.tsx, /src/components/sections/sell-in-operations/CreateOrderWizard/CustomerSearch.tsx, /src/components/sections/sell-in-operations/CreateOrderWizard/ProductSelector.tsx, /src/pages/ProductionDashboardPage.tsx, /src/pages/LotManagementPage.tsx, /src/pages/QualityDashboardPage.tsx, /src/pages/HACCPMonitorPage.tsx, /src/pages/DocumentLibraryPage.tsx, /src/pages/tasks/MyDayPage.tsx, /src/pages/tasks/ProjectsPage.tsx, /src/pages/tasks/KanbanPage.tsx, /src/index.css
8:13:03 [vite] (client) hmr update /src/pages/CommandCenterPage.tsx, /src/pages/SellInDashboardPage.tsx, /src/pages/PipelinePage.tsx, /src/pages/CustomerListPage.tsx, /src/pages/OrderListPage.tsx, /src/components/sections/sell-in-operations/CreateOrderWizard/index.tsx, /src/components/sections/sell-in-operations/CreateOrderWizard/CustomerSearch.tsx, /src/components/sections/sell-in-operations/CreateOrderWizard/ProductSelector.tsx, /src/pages/ProductionDashboardPage.tsx, /src/pages/LotManagementPage.tsx, /src/pages/QualityDashboardPage.tsx, /src/pages/HACCPMonitorPage.tsx, /src/pages/DocumentLibraryPage.tsx, /src/pages/tasks/MyDayPage.tsx, /src/pages/tasks/ProjectsPage.tsx, /src/pages/tasks/KanbanPage.tsx, /src/index.css
8:13:10 [vite] (client) hmr update /src/index.css, /src/pages/CommandCenterPage.tsx, /src/pages/SellInDashboardPage.tsx, /src/pages/PipelinePage.tsx, /src/pages/CustomerListPage.tsx, /src/pages/OrderListPage.tsx, /src/components/sections/sell-in-operations/CreateOrderWizard/index.tsx, /src/components/sections/sell-in-operations/CreateOrderWizard/CustomerSearch.tsx, /src/components/sections/sell-in-operations/CreateOrderWizard/ProductSelector.tsx, /src/pages/ProductionDashboardPage.tsx, /src/pages/LotManagementPage.tsx, /src/pages/QualityDashboardPage.tsx, /src/pages/HACCPMonitorPage.tsx, /src/pages/DocumentLibraryPage.tsx, /src/pages/tasks/MyDayPage.tsx, /src/pages/tasks/ProjectsPage.tsx, /src/pages/tasks/KanbanPage.tsx
8:13:46 [vite] (client) hmr update /src/index.css, /src/pages/CommandCenterPage.tsx, /src/pages/SellInDashboardPage.tsx, /src/pages/PipelinePage.tsx, /src/pages/CustomerListPage.tsx, /src/pages/OrderListPage.tsx, /src/components/sections/sell-in-operations/CreateOrderWizard/index.tsx, /src/components/sections/sell-in-operations/CreateOrderWizard/CustomerSearch.tsx, /src/components/sections/sell-in-operations/CreateOrderWizard/ProductSelector.tsx, /src/pages/ProductionDashboardPage.tsx, /src/pages/LotManagementPage.tsx, /src/pages/QualityDashboardPage.tsx, /src/pages/HACCPMonitorPage.tsx, /src/pages/DocumentLibraryPage.tsx, /src/pages/tasks/MyDayPage.tsx, /src/pages/tasks/ProjectsPage.tsx, /src/pages/tasks/KanbanPage.tsx
8:15:24 [vite] (client) hmr update /src/index.css, /src/pages/tasks/ProjectsPage.tsx
8:15:43 [vite] (client) hmr update /src/index.css, /src/pages/CommandCenterPage.tsx, /src/pages/SellInDashboardPage.tsx, /src/pages/PipelinePage.tsx, /src/pages/CustomerListPage.tsx, /src/pages/OrderListPage.tsx, /src/components/sections/sell-in-operations/CreateOrderWizard/index.tsx, /src/components/sections/sell-in-operations/CreateOrderWizard/CustomerSearch.tsx, /src/components/sections/sell-in-operations/CreateOrderWizard/ProductSelector.tsx, /src/pages/ProductionDashboardPage.tsx, /src/pages/LotManagementPage.tsx, /src/pages/QualityDashboardPage.tsx, /src/pages/HACCPMonitorPage.tsx, /src/pages/DocumentLibraryPage.tsx, /src/pages/tasks/MyDayPage.tsx, /src/pages/tasks/ProjectsPage.tsx, /src/pages/tasks/KanbanPage.tsx
8:15:52 [vite] (client) hmr update /src/index.css, /src/pages/CommandCenterPage.tsx, /src/pages/SellInDashboardPage.tsx, /src/pages/PipelinePage.tsx, /src/pages/CustomerListPage.tsx, /src/pages/OrderListPage.tsx, /src/components/sections/sell-in-operations/CreateOrderWizard/index.tsx, /src/components/sections/sell-in-operations/CreateOrderWizard/CustomerSearch.tsx, /src/components/sections/sell-in-operations/CreateOrderWizard/ProductSelector.tsx, /src/pages/ProductionDashboardPage.tsx, /src/pages/LotManagementPage.tsx, /src/pages/QualityDashboardPage.tsx, /src/pages/HACCPMonitorPage.tsx, /src/pages/DocumentLibraryPage.tsx, /src/pages/tasks/MyDayPage.tsx, /src/pages/tasks/ProjectsPage.tsx, /src/pages/tasks/KanbanPage.tsx
8:15:59 [vite] (client) hmr update /src/index.css, /src/pages/CommandCenterPage.tsx, /src/pages/SellInDashboardPage.tsx, /src/pages/PipelinePage.tsx, /src/pages/CustomerListPage.tsx, /src/pages/OrderListPage.tsx, /src/components/sections/sell-in-operations/CreateOrderWizard/index.tsx, /src/components/sections/sell-in-operations/CreateOrderWizard/CustomerSearch.tsx, /src/components/sections/sell-in-operations/CreateOrderWizard/ProductSelector.tsx, /src/pages/ProductionDashboardPage.tsx, /src/pages/LotManagementPage.tsx, /src/pages/QualityDashboardPage.tsx, /src/pages/HACCPMonitorPage.tsx, /src/pages/DocumentLibraryPage.tsx, /src/pages/tasks/MyDayPage.tsx, /src/pages/tasks/ProjectsPage.tsx, /src/pages/tasks/KanbanPage.tsx
8:17:32 [vite] (client) hmr update /src/index.css, /src/pages/tasks/KanbanPage.tsx
9:34:49 [vite] (client) hmr update /src/App.tsx, /src/index.css
9:42:40 [vite] (client) hmr update /src/index.css, /src/pages/tasks/ProjectsPage.tsx
9:42:46 [vite] (client) hmr update /src/index.css, /src/pages/tasks/ProjectsPage.tsx
9:42:59 [vite] (client) hmr update /src/index.css, /src/pages/tasks/ProjectsPage.tsx
9:43:08 [vite] (client) hmr update /src/index.css, /src/pages/tasks/ProjectsPage.tsx
9:43:42 [vite] (client) hmr update /src/index.css, /src/pages/tasks/ProjectsPage.tsx
9:45:25 [vite] (client) hmr update /src/index.css, /src/pages/tasks/KanbanPage.tsx
9:45:32 [vite] (client) hmr update /src/index.css, /src/pages/tasks/KanbanPage.tsx
9:45:44 [vite] (client) hmr update /src/index.css, /src/pages/tasks/KanbanPage.tsx
9:45:57 [vite] (client) hmr update /src/index.css, /src/pages/CommandCenterPage.tsx, /src/pages/SellInDashboardPage.tsx, /src/pages/PipelinePage.tsx, /src/pages/CustomerListPage.tsx, /src/pages/OrderListPage.tsx, /src/components/sections/sell-in-operations/CreateOrderWizard/index.tsx, /src/components/sections/sell-in-operations/CreateOrderWizard/CustomerSearch.tsx, /src/components/sections/sell-in-operations/CreateOrderWizard/ProductSelector.tsx, /src/pages/ProductionDashboardPage.tsx, /src/pages/LotManagementPage.tsx, /src/pages/QualityDashboardPage.tsx, /src/pages/HACCPMonitorPage.tsx, /src/pages/DocumentLibraryPage.tsx, /src/pages/tasks/MyDayPage.tsx, /src/pages/tasks/ProjectsPage.tsx, /src/pages/tasks/KanbanPage.tsx, /src/pages/tasks/DashboardPage.tsx
9:47:00 [vite] (client) hmr update /src/index.css, /src/pages/CommandCenterPage.tsx, /src/pages/SellInDashboardPage.tsx, /src/pages/PipelinePage.tsx, /src/pages/CustomerListPage.tsx, /src/pages/OrderListPage.tsx, /src/components/sections/sell-in-operations/CreateOrderWizard/index.tsx, /src/components/sections/sell-in-operations/CreateOrderWizard/CustomerSearch.tsx, /src/components/sections/sell-in-operations/CreateOrderWizard/ProductSelector.tsx, /src/pages/ProductionDashboardPage.tsx, /src/pages/LotManagementPage.tsx, /src/pages/QualityDashboardPage.tsx, /src/pages/HACCPMonitorPage.tsx, /src/pages/DocumentLibraryPage.tsx, /src/pages/tasks/MyDayPage.tsx, /src/pages/tasks/ProjectsPage.tsx, /src/pages/tasks/KanbanPage.tsx, /src/pages/tasks/DashboardPage.tsx
9:47:37 [vite] (client) hmr update /src/index.css
9:47:37 [vite] (client) hmr update /src/index.css
9:47:37 [vite] (client) hmr update /src/index.css
